﻿
> dpc-website@1.0.0 build
> vite build

[36mvite v6.4.2 [32mbuilding for production...[36m[39m
transforming...
node.exe : Found 2 warnings while optimizing generated CSS:
At line:1 char:1
+ & "C:\Program Files\nodejs/node.exe" "C:\Users\Hafiz M.Bilal\AppData\ ...
+ ~~~~~~~~~~~~~~~~~~~~~~~~~~~~~~~~~~~~~~~~~~~~~~~~~~~~~~~~~~~~~~~~~~~~~
    + CategoryInfo          : NotSpecified: (Found 2 warning... generated CSS: 
   :String) [], RemoteException
    + FullyQualifiedErrorId : NativeCommandError
 

Issue #1:
[2mΓöé   pointer-events: none;[22m
[2mΓöé }[22m
[2mΓöé[22m @import url('https://fonts.googleapis.com/css2?family=Inter:wght@4
00;500;600;700;800&family=Playfair+Display:ital,wght@0,400;0,600;0,700;0,800;1,
400;1,600&display=swap');
[2mΓöå[22m        [33m[2m^--[22m @import rules must precede all rules 
aside from @charset and @layer statements[39m
[2mΓöå[22m
[2mΓöé @layer theme, base, components, utilities;[22m
[2mΓöé @layer theme;[22m

Issue #2:
[2mΓöé   pointer-events: none;[22m
[2mΓöé }[22m
[2mΓöé[22m @import url('https://fonts.googleapis.com/css2?family=Inter:wght@4
00;500;600;700;800&family=Playfair+Display:ital,wght@0,400;0,600;0,700;0,800;1,
400;1,600&display=swap');
[2mΓöå[22m        [33m[2m^--[22m @import rules must precede all rules 
aside from @charset and @layer statements[39m
[2mΓöå[22m
[2mΓöé @layer theme, base, components, utilities;[22m
[2mΓöé @layer theme;[22m

[33m[plugin vite:esbuild] src/components/members/bankData.jsx: [33mDuplicate 
key "MBL" in object literal[33m
21 |    HMB: "data:image/png;base64,iVBORw0KGgoAAAANSUhEUgAAAOsAAADWCAMAAAAHMIW
UAAAAk1BMVEUAfTr///8AfDc/kF0qiU84jlgchUgAcyIAdCUAejMAeC8AejQAdywAdSgAeDAAciDf7O
QAcBrR4tf3+/kAaADu9fGxzrvE2szl7+m40sFrpX+Lt5rZ5952q4hZnHHM39Ocwammx7Ffn3WAsZGUv
KJOl2iGtJYAbQ2/18ehxK0AZAAxi1NxqYQVgkI9kFxmo3sAWwBzA2P/AAAcK0lEQVR4nO1d6bqiOrMm
ODCGGJBJEETAodXluf+rO0kAQQEZlO7d/Xz1p102Ql6S1FwVDjyRHh326exn9rfTzyy9HyL/GRxX+ez
EsqBqCv9vkKKpgnRwGrE6Ada4f4x4Ge/NOtYES396ZJOQhHcvWI0Z/NODmozE9Amrcfvnlm+F5LlRYj
Vuyp8ez6QkLUuss39zq5akpQVW79/dqwWJuwyrg3/rYwv591sfymGTYU0n36y8pKkQigISRChzt+Xyd
iOiD4qIfqHKRH2ZegSctKdY/QmnlZcoIjgP4sQ66SvTeFbaDHOln6xkG8xVRN6CNCVk7BCs12nEDS+p
IuYDz9VN0INM3fL2HBahNhFgLSZYJ2BMZH0ibhPpRjfGl4n2rXghCuoEcoGXAKeLX76pBPEtdntNZgv
50V36Pl7B53byuJ+qgoBgbb1pIrxbTjecTlpFgSDK31zPasRdx70/8WwCw709/VgS1av9BZwFhYclUr
8GV4u5dNTNhBzT5SGveBXfvwk0o9Vujr8EVwm4+Zg7KbN8LKaQfSEJy2gwJ+pHTrJE3xAV/Ixbjvmdn
BQjOdDtruEgnAZoRn4M66xhMNbFWKz+Kn/riFjD17fcyPRD6+xt90H6c5nPL4s0CDaxd7ZsfwCzdhfo
Q8Y8Fisni/iSrdkb3rQO2XeT+0XIFUFJyT1ZiiJJskyVRoSXwSHqp2wAf4NGiowPsRJS92wIyapxZA5
TCjr1PqJEZurVqYegMg+iOna0n2GlGiYdALZqY7I2Ehqi7PEKUbSk/dmv43smI4Gj0X6AldfEjEHNZ0
FQmdtVMsdwlBYvqYIYRF3z641lyuOxKtL2fmEPj12wK0QQlQ8fKTuSim7xe55ubPEoI3Q0Vn5Bn8qef
ToDe8M+ubNvyH2yYOD2LVwnFUY8ZhRWBYoQpuWj+YhOsLGT4NeMfk2U43eb9yQNZ8ljsMoz2z8dODkq
HhyoBKknfk9zZSPT0PL8RhPb4qGPG4FVyWc0nK1ztFYMEuEj0dcyOBVt2idXvw3kyIOxyuL68XhbuDA
twDiOFwQdpOFZuz2xHeY8GopV8PRTZWEtVPZHPBVUQoowd1t3rTiEQQzEKr481sCZiOWn9ETy4q2mre
RkXga85SFYeUVavD7snumJDieonxsi7U8Wl20r+d7fgzQAK7ztLwF4VtN1KOWf7Oi0nNDjyQuzZrUbJ
L03bX+sYsQmML1I91KLSyWxFPoTcOIKKXjbDNbqC7Y3Vmn/uLkNC3ymwPHz4uvT1EEhWW5mUnZPsL2x
aoGrFzc3uHu2oGhwRL1nX64mddoz4lHaaOmG/cD2w8qr2vwcp8d9MaFWkJi6O2cGhzy3dN29ot8Ri5L
ERo7cD2wvrMrcCtgStpeXcuUcC8bLQ1GEvyssj/ZNYE99wPbCKhGFIYnYTWOpYIfbP5R0oHFNauMOdf
+yD1bIAvC5thQuA7Zvz8I3Bj6G+LofhE5C96vvgVWNUq96Vz++XNLbn4zE4/ixdsUicH3r/lkPrMIKv
Opoy+l57luCQcE0xAFB+h5YEVm9ql6Fan87sjeY5FxZtYcsr55YDbEi2Mw/PKuUtKUxCVYK01EZTMcx
TeurgcKxJN2MCbCKesZ/GdY1Eia0VYcQA/ttrHmYKmL84D+U8yVdvo+VQ6dMeSCSx+ghsn8byen3sXJ
oy5bxYmtNaaIOJ3jQv46VkwU52Ho/apNXVBExEgRB/BMqI7xP4m9StOZQFJzpwHB8J9wKAhIm9MM0j2
rIxR/F6QipFWeBYfjW5T+cm/sRVlnAy1cd/D+csfpJTBJ7q3oMYvPfBTseq3Rpduxdf/ee7U3j8yVqq
zenJOb+o6UDI7Fq4r0+q1Hhrw5Gek95RZKk6ZjbOKzw2hAsNP/v4Ry5kGWsDDQRJIi59H69pxL6Xhj3
icbFmoM6Un3lXh9/OFhCweEygE2pwvUREzOtAE1hYIzAymvHBp+0rG0qf+1SGhvoXTIhw+R5oZgfpLu
0D3wwVoV/zQ02wM71Bfzq3jNWRkdaJ9mfNKNLEA71LWF4n6ap1R83FCtf57/2OUnOMPOKFMGBcMth9M
49Lqki4tLNgZYB1FcJm9v0y67KwVjhqTYoCy88C1uArOxF7nFMMcb8EiLYPDeKCPfnWoK8uXKev3Jbf
j6ShmKV0FMI1nVBCHYqTMLj2ZmDIE+liIU5kz+mHTQYvDxK69FUMxbXhIR9NZfLGJXb00ZD4+r7sLIt
jRCszUOSyIJrQC5G7lq3JbKXdSybuuWyK+s+R/VSd9yvNsgLTcMJI28TBNvkVHAES/teds0wrGLyPET
PmyWpdsczImYI41RViyUZ3HhOECFEywhQ4C/3eA2jmuHucmxLEiAsnRe+JG4HYZXS14Eg5cajLE3avI
g8J8tbs8wU4aHi58nUD4KHcjLdZJsuMRLh/PW+T+TvvwN2EFYx0wsLBhJuNxLB82CjES+oMtl1ZIuyd
aepqno8AbO6ZR+58+5eFaCaF5epMaiTaVuJ53m76DTI+/AdrHwekDzB+OCdLcOmRd9PYjVM4oNlRBgS
sIq4jaIk/WXTJf2gLA0X2Jz4xGLV19wPmsMpQpmQqn5LZRyCVSuWnyfKIsZHSdbkY9QwI64FLvIim35
nGVYccnnO266WX8cLy13x1kzbu3yrduPpGQOwKoGRBXpPPLruDjGltlScS6lyLComnsp4UGMYnCdrep
kG6VJGcJrIwqD9qqzZUPWj0Jm/fTufLDsTHEZF6ghsx/+0LUpeUSasDh2EFWYiJ4At2TcVEmQIRZylc
lQYMY2DAeP3lhY/aBBvytblCqtRF1QXKqJAFqVMsfklIxbp384fCskPwZoHdmaz16zEOunHmU71Psx4
URkJZvNq/qFAyRCsApMX15mxruv/DWRbPtgfqfQtqxOzW0yb4NZKQ7DiHISzzrjvKbgIT0qjERxFPv/
GJeLxmLgCzfSKHnY3ZL+M/wzYMVhX+bwaur9bz0uWbHLHfVS43JgEhZ6Gyaotq4llJqLNP8OcxmC9on
K/2viREulIqFzbTrYnFY7mZpYblOfZ//ZOl3z8TtFYTZooCtSqUEdlMYzAGguPIknDBpYqqwyiwcv3c
jk/po7loZbMCGYGzblnYQLtwQQFJC+DrRdZJ133fV8nevJm2eYGeHezwVi3i5tU+BH92frI02AH+bw7
KmrFDuJyMCwDofSx8Xm+sc13+M5YswZ8C+LzyW+q5jDcAA/c9mPW8L2KKVwQzTVTHT3BBLptZzs21hQ
kaDWseWMWQonYptMrGhQRt/esRpCVtTOw/moEVgfmucSGvUvIzt2sc6+J/2Op+Od+5OgQQ7Q3nBhxov
+SeQAfbmRrhsSnMkq6YkWkzmKrZ7MGZ0i6/xis2iLbmJtjsCd8wgbJOvfuEuNEJOph1iXpSG1SC9N5f
e7qAMtMUcNO9hcRIyQghDC8BHEUDuthsB2QVjYEq3q+ES502AHM3N57BAyB41FseTM2/LPKS2rA5xYt
J1M2tKPeFe95Y8m3Fy+padK8qVY8pn+KvGv6cyOTjtRlet2F5bTHk9Q2EA2P8iQH+BlWYylKAuH/xw0
wKMcxf6E52WRFqGKmsFTf9E5hvzwU33vNnqlbh+CGEK2KlpRc08wWevAwJq+9l/EI3R9YQs6HdT20rW
hHpMqRDe1poKmiUhPQ/GXqx8Mrx5RQ+lbPNPQonsnUM9Fi4yloVsxt7z4KQ7DCXIXw1JovrMGevUDXo
q9gs9+rDwlUGSwUgtdWjQyl73oBh0VV6+Cxkpy/295tioZgRdnCc+TMXOkgRLjWhQjeE0JnsG0ShZIq
CPO7d7ZONlkgJzfyNrMb6i5xz0kpXB9BT61iEFb2Ih3Ec90GLOG98ATsI9WgLm/qWXgWvaLKH8w2Zd/
BcFTbzh7VN8V3MFYTBwrH3zqxbjUa+aG8mFo+07giiuU1FVbLcI9EG+q0YGcKxUrr2AO6CH6mcCPBfH
ldeirXQ7DmXlAfli7tDqzG2gA6lbPeFCarlptYPeMCw7CGLGM6IeNGXZ7EH16gGgON19HlEIpdfHUEF
XVv+37MaZAv3MuSB+iSkaolQYVi4Fb0obnCTNU94R9UtzSwN6NdRL66lLW4eK+9Lh+kN6lZ71MmLHFF
80mytWT9qkz2TWFC+E7MGmauUMArK54jUR01wawfH6VKC4BC4PfcH4Ow5u+RsT25Em5y1sLtMofriq0
OpKyAMiAYmU/8mAdIDH0XQGGQY4E2qpOJ9qk7pmGY+nleZFII2S1XPX2ww3zh7D2GGYsXK8D0BcaYO1
f3q8BB+s+MzL9F22s++c/9aHNDRP/rh/Py2hfH37Om0GouX3c9NeJhMUm2RvMumfApPGysnrVhonGwz
IotdkFImTb/mhNlnrwZEtR3DXIUFd22pyYDyNlgVS26RN96rpFBWFkYh6kFZAmW3MnxDUqmo1uZP5jO
tDBTKXNaHT1g/KKtRGtx6myCtwsBUZ1Jo4ZMUXhJk4GggNJdS902fVXnbc4d3L5W3fB5peUE0n1JxlV
M6a/jmhG+e1bhYXSxdT5SuyslKtbFasOaDdu3rSS+B4sl1RhVVePm6cazOuNjOfWd1oFY6aTR3SGuQp
irx4SS3el0inZP4cmteABHukX9XyvgkSXQlNf3FUomsV85lTKZq8Tz2AAoj6W2kKgeyF6lwuYagxN+4
U1fpNfUk29hZVHxmzZfEmtKeaQUPKiy6A43/kBEEfMjY9NZr8DRA1OQOUA7GZbzQzRiA9+YWTrnOaFi
ANjJmS9VCX99jjdEaWJyKbmCo2U2Jht8To2G8VewEgHrrx3/SNYmseygUIqD1U1UHzNn8GJ4WhaBH6L
/o80G9YrtDaYh3amHYSWLOLlnST8bSbA9ruKf4ISHNjyThBUTNAHbpHtikUvdaQejaEjYemCOHvSEXI
W5EmZjyLBkvhEuPu9VutgvhJGtfujfFqT6zyRQJ5zXiiN7eySgzeXxp5gvW8xn+Q45mdh+EfWjMv+FT
4S9mtTH+Q3yJurzQ+nR/iVeAipz9hjn/QKvWpZ9Fgia7C3oNiU7lDk2iW5ehKy+T9NhzeOnhLYbwLSD
HZLw3qEZI5lI2uM0XJr004YYOiw/S0ccnqyzq9W/qGAgVu2hEWwOIGVrNhI5iWiDS5553HboAuzAoVj
9dc6sjLk4jXBlVHc9fwmr+jieJfCAnZmk1O6BN4VglYIUIh9YgcFs17RQgd1XreOblPSWsEOxRsUjaH
8NFtmgS5SojepFmdOsM4IySrP/CYtg5WYi/TB7fO/g1VCZ89CBl2RS3cw6nyN/Bs/nI7U4aHrB7geoT
nENIXM94RIeUFY+GivT5S22I2MEUggOd+rPowI34cGeXWdlE28fd02D/BZNPq/GkcYlVyz8fJ6D2R1s
I3oABFU1Egx2jEcbWa7m6U2G+xeoNyMey5v8rP/Mnq5iKwDpAezOwIXM3bU7mqs1uypgRR/W8fvt4Us
yequJY2WOiyP6z4o6J9wYbAKgE66rMkephd28W07EuNPuOI0unFH/7MahukQRB/RyHqsSDd922c7kHR
CLdGWHeA8sdmHIjhBj6uRkNBkfLmKw4JKHm9N8ymYRcJbAzyxyDhuAWQI+yzOdoQmhAmsaHwz32LDOO
nei0XoVkwapiLafnMGRSaEzTsCOqU4CDQCJ3RHMD6h/IudQrLn3MCmG/2PT9FLywSbmG+9n7cEMTNTm
tUHd5sgkk9vYDu5b1DMgOQIrlTp6COTCLpfpUmW2aXwmuzaXSRui619dmkxL1nyMO1OrP6ABHWqG14R
KwMSHwgFqsFTia0Q/EyVJzLGGxwMINzS4LpgughNCpXJuMqycegCnR2K4faTGml24xZdFpJtbAlOmbm
r+Bqcy0zMa4FwbUcONfb9Q6sEWs8VcBAfnMNc1krVJNuwK8TJRGyc6fiWjAZ2HxtSrL5Nj4UCUs4Ib6
5jhuah55NEhMy9bqXQDqThOGXZ6bvIBSSdj+hDwWhHesGCGFSwycXvRio289MiCVrDjQa5hgH0okfqc
SDKk/mVcf4lCo+D4PNxrIJYsMheKqKyXktWlXcECj9aFvWMPsM6A+pdxWLN2c8BHD51RX1NbYO1fcq6
lY8KYyGW3D0JWW7XHRQOcpiP7hmSTZcGy07L+ywTOBkS5kmH+Aswn/MnJbWDTw3dz7u9IHIdVzRwSkV
piBYcDWITAOeYSZh2WZQGjab/pvKS/STcSa57KRbBW3ryUUjZkLDN1Qp7nxTifkJF2y+bp9OGcshPbX
FhNTAzzVJcLkxZLpbl3bm+YtmVFJ+fcydr6FzaNxMpLBtmKofiUDZPXA2Sel1SW4lcloj9295FeHnfa
vr0ndmyvKmVpWFtHzFNjCJH3X/j2I3pix73eWyDpqR6YllU9BqNT7ep71tT4s4LggToEHsquVVGPRLJ
x3fp89DPZTeu58sHvVEb6phF80FuOlaGXrXBus8cYAxzkAZAqRX3MWLOe/hJ0Sp7TsdfUftofsYwwGw
K6JZk4vZ6313pgjuveruaugRXpxUF47eTcFU2GQkfvgo+xKo+8JVfgVeZLA9cEqLVTSkrjqHXEmR1cI
0njejnnjGj5NuvvY6wceoQbZ7wksnKWfQIONdYUd0TWw6DtZcQaL/TMtnhbv/I5Vu2Byp4DHQpEyHJn
4P68DkN4pwMZ0U1Q29QsWpTSdvDIC709E+TzNbxHj+xa7ANTwhaNqNuvyPQ3ST/2hm01tW1bzuixH7c
+DvW3Jt7HWJFxo+WvzPLZnGmEEl6wA06vsjTBLa3G/IOS94aptxHKaUWFCo+bGuS83uydY/xzPrxaIZ
Hfa5gY7QfqCf9RGnNeZrjJ5AkPXOWYQrUNbHSk16h85659m1HwMVZoAecHqyyTYkMVYk/W7g2jUGuah
B/t4cvh0/K8xQYMLxjyHC8sWhZHQW/Pnv4YKzNm/D2W5A1gSlQExYYBG0gs9xutmUtR06HiihC1oDBO
VKAoaPYW7VvV+HPelHHPVSrAmMXurHUTE3EE/uZR2u5/OFoz1yYJ4a0tQdpgipqCFu0r+X0c62Osj5R
pS9TYljw18ksyCp52npI1qcNrwqto3qxh5UepKKJ8aOHJtdrT72ItayYTsWmf5jTAVcLRI9qa9u2jho
GXEX+1wlXtovcp4p9jFYol575TAhfDipC0mooJaLpnZdySKgr48pwi1uFU/BzrI/3ydGyHag9tY9R0r
/o9+OdMjOj94vkC1uJxttgwvvyFD206yzd0Ebw2tavGVV1r876u7nOsj3QRu9Wo1ge3EEd1F0Zzw4Ei
WMaoI7bzOdZHcxi7raOjN/hU2rLfRkGrlsbNTzWMHTGAL8xrUVrmNtfE+vPBXfDrFk+MWuRxtUVwV7z
jc6wPnX7X6GOJB08qPT/lmSy1XW5q5WVdGTEfYxUfCK8NOcJuzyOkeaksnHyVN/7lHYZKzKfrgJlRWD
UosGYemibjd455eyH2mlReuFw3F5QdQP96cEDHwpgWqyIeQsd0/NMu3h7eFPftlj0bJStKpvKdrhISc
PBksftch7iqJGN8H6s865UT4PXuSKrdSl3P8Z/1vu7+XRV/5dexSp0dCBgFvTPnYHsBJWG/7eOQNdrQ
t6p0fB2r/DyrdrwPNknNq7vrDVV44zRr71cEpXscXwMOHyvF1F2H7Y7M0cvJnKsHN7Stw+L6ZGX1T7B
6V/Wwa1WihUIvfer69G2sWX1O/gRn3eLu6l2TKjEz0Gw0R9uPJkbNvomu8pXBWJm/ML/5pW2r9bbgWP
Whmd3GfJbPZusC1moaZEZdNfqDa8xOIKtVcQ1grlsqjHov4UzDy7r9m4zplTO8aI1XiC1eia4jYIdip
X2092Rs/pVGaFqkT/8T8ph3NcuXn1HExiPtIGm/R1t+Y9rRw2E4HwZAdADN7ifbteWhPc7YzYm6V7OT
KrMKgV1hy705gLnhRJCMupjEcPmaRjRHNqH8mMyr05TPMKDWWF5GFzZPCfMf36PsDt6bXZBjNdiTKyv
L7/J9jDhTRuXgwZ3NHeN0DLNCSDbAsufFgDRX6jbk+XkUupy8NQxjqbm6mwTi27eVrWHG0CL60Fwl72
ybNM7O0aDCCwhqMcsL0KnkMUrrpHfDh8cgVEhej4zoITSQ2BQdLYqY14eWjQBWoxjlwrbzDX9m0wku9
YF5dF7LwNx28gNiafFIRF/wmWoiQcaW751M4kP7VZWIWRJTrKfClzCgEeVY4lULJHRKPfqCZywOcO3e
OB/b6pKwmN/cUD8IZz0Mw/Pttxz7C6EM4zC8iAfdlWUvOvTxCXzug+F4noeiqHEqbfw3wdESbaRByHO
ySHf6225BD/oC1r+G/of136T/YX1LPZoRdl/Cd/da+8pznp453LfWbYhr2y65zi87z3XSvE4kav8eBO
yhg7HCzvIfnutsSaN5XQ4TDjkdYTfqVxuktwzGql07OzrIHrh3DFPQu4qIiDXT9TrkpCsK+XLLoVhFu
zNGhPwuU4cmCHV0SCYvrCvuhla9Ww9nTx2MFXR16Gb25fth0gaaHa+D9nt635OVPWeq/v6UJKptv3di
Mbfq+2HSpOP3xSasaOL966AzDzq5YPWefbEqokCJVYOaa/ZZfMEjCdklNEXEzS954bYq+xaxbIMAsz9
e8PCQfctqQozsJsILfyieQ225sPk5H2FV9o6zosTsNvZp5TxzIGlj1i95boOsWGb2Nb0i/xjensZz8b
ObGOVNzORp8qRt7TnOqsuvNgQrpy1es4nM2cv7Vms5/ubPyyVCzc1vveRSKHzNEbt5YUD156yWffhx/
/2qZN0zykHWw/oSfPa0ufUTPtX5UxKUUT+7l39Ji9b5moiTXg7crR9j+CFWwoIr79MIGlnLU47vtYkZ
87gSbbIbXUtPadHNoWZUScU2f3r68gjW3mc8kPdZrC9fbuF/5bytbi0qh/iIam5b5oPHRYTMXLawfJk
rotx2W9pI/bYzruOw7CoJD6ytWs8jVeTUJlPKkGlrXX0ZDWydskcP71NvdUIJuP56VqUbXtti4MuErj
YhXAIJ24ZZNiNvTFajzyldtL2xajG3620sZP3Cmeu5TZ3I6kBP74bJgGRhyJabZJWm7JCcNiUwy6piz
+nSvcvfRFzr260RDb46S5Hz2ysxad9/8wdTLtYyTLaETzDrANT8OtjMx5jT22eNvjDnwhJJOi2mggSf
G7AIAIhQfm7ZrJEj0CVsESWGSYXmWaOJ8hvCoeHMbHsdBMiKMCUeH9ryKenMR4QpaVrYaSI8SAZcb8N
IjkEuaeDFbG4lRMysffZovGmZNcHxs3OSFMFtZj0ESC4x4dwMGy9RI5BJZlrJ0nMRkx3I0aZ//S5OHm
JEgedGIPKOK76Xl0nTJfy8lPzo2uidkOK0AKigqHH9yGepAKjOG59TJ7wiWFvWY52qHucWhlapQeGbh
1BVg6TmB1e/7vGcfryVdgrg8rqmf50oN6MC8TA47fWvI5GKSib8F4MPovzLKDvaMTslsIe/9m8mKesN
kSl15kC/8t9F2s2oYAXG4t/ds7CwrB7K+mHYCaN/DUllPndpmKxSPMAr95eQhtPSE1KtqvG3UFTZ4S7
/AimSKqrbaub6SwVReN4GP/N/gWZBfH5JSP1/rYzqd+u42HAAAAAASUVORK5CYII=",
22 |    ABL: "/allied.jpg",
23 |    MBL: "data:image/png;base64,iVBORw0KGgoAAAANSUhEUgAAAOEAAADhCAMAAAAJbSJ
IAAAA8FBMVEX///9JAFIAYCJHAFAAUgA4AEMAUABFAE4/AElCAEw8AEYAVAAAVwUATwCrwbBAAEoAXR
s1AEAAWhQxAD1FfVPx9/Tn7ulVhmEAWRDX4NmvwbP//f+3yrzG1co1dEW9z8J9oIWJa5BgjWv39Pne5
+Hs5u5ulndNAFh6n4O5qL7d1d6ZtKC2o7s3dkjFt8pzTHwbZzBlkXBgMWqehqRVF2BqPnTNwc/BscYn
bjqhuqfd1N57V4To4eqXfZ2JqJBkOWulkaiNb5V7WoFYJGAnADVpQXCOdZOtmLOWep1bKWPRyNNRGlk
gAC8ARgAZACqoka4Y8bdxAAAgAElEQVR4nO19e1/ayvNwIITcuEVAoICKARVRvGAREZVi1VbP+fb9v5
vfzuxusrkHxbbP5znzxzlVQ9jZuc/OzkjSf/Af/AcU6v1Wd7fzhUJnt9vq1//0kjYE293S/f5pNp/Pm
QQKFOCfuXw+e7p/X+pu/+klvh9apaOdYt4sNLcq2XCobDULZr64c1Rq/enFrgv13b0dQjEvahURvIgS
qu7s7f4/w7fd+1nObFYEQgFPFrLns9MGhdPZebYAfCuQt9I0c7P77p9efCLUO/sFB7sK4UGzUjsYdbo
heqXe73ZGB7UKobX7AbOw3/mbSdlp5M0tuljCeMXTvVIrebn1VmnvtEhYmn3QzDc6v2Gt74DuQdGsMF
Lkmvs3HuXRthfz6Xg4PAEYXo9f5wu7LT7Qutknn2KfN4sHfx271kfZ3BajgVkbudjZ8+tfvctDXSFgG
IYGQP4PP+mHT99exnPbebY1qpmMB7Zy2dHfxK2ti1yhwtC7cORoMJ6cHRJMNF2VM2Egq7pmKNrV6mXK
0ax3LhiSlULu4m+xId1anq7JzO3vst8thr1DglsEaj5EdU1RHn+MOZa7+znK7lv52t/ArJ1Zji1np0S
p157+INjpaZAT0TSUx8krfWe9tMM2LTf701pn9xy3u1Iwj/r4C/v6TFHWxM7BUlP03pS+uH9kIuNXzP
PdmO//bOjuUPzM7A3+3B7fKoYaunq1TLRLCFL+X+iK/o1R8ibL3r7zp3i138jjCnI7lJPmP/Qw9EDML
PXp7vpYWmr+vz0qStmPpa4c/hrgGzs7KAGVfKP/JxA84vjRHb6+VPRQwj32Tl7pgqWp4XvAkuzp8lJR
NO/OEHa9pdza5Tge/Xb8SoUmctAM8bN/yV7yIeHKq+X4WLTrA8u3A0/4a/t1+VT1Yakrj0OK4wx5tVk
o/Vb8tk9NUHVmFvlzcKdoIquplvLwPHy1xU9QD6bsxVBbOn9vvy7PLA+WsiG/4Ic6Wfplp78xkhwhg2
6ZI8Tvm+JduLoaiA+3F9Pl6uo7ct2ZlxsV1CnOTgCWhoAl4QuK4widgEp+9Jvw294x8fsuwPzZdz78A
EPn0fmy92ZYxKuRKbkm3mer+JD19jx29qQ9X96WXXE1Mifw2/oF7qm581vIWELZL5yjAL6U/eoR9p74
NAt89qTKTaOOaHtVDRXDgUWsvZXpDRfOV4zdx2Tjagy/6p4XUK/9Bmls5OCbive44EO/cqSrejKqz/j
wK5hA0Dpl+WowXT4/eCyDduKiA1haZ4xhh+JrZeUr4n5fhJ3NNT4Zv1YFJKIwA/s0OLMifBc5I1/i46
A85Z+9l9dlWQYX3Pu8fDkhLvczMzJq9Znr3Z7X7qjVO/hLfwZk3Kp8qj9+g/tICfgStH8ifehqySMGc
NlriD9DUCwrytMb/bdyeex8TcDV0Q5RUd0XkX9uPg/BixxuIkjg4tLhpFA3zaJSRZSnDgzrt4QCgfC/
ujF0vmVxFtw62VoBB3eRhXIXn4RffQeMvImC8KI4eBlPfmWKv6U+yV1VsR7hH3H0JuvvuSZjYoVuWVn
GNzZAjzd3PiU67mNerAg2yf7qMJ1cXUrLEH3DjPnrkMXwD+EOOd2Nt1fnW8ZqiHJm2/ANHhghp259gq
O6CyJYMYFDx5pDkXIGpOcpSCF95f34cyQRdevFeWrxoMQEXtoVsH4XvLhKceMxVQm2rnkOFveHK1PWC
hWKHeRT+dD9LDwzpKQJUJIJGH3urhpDafi0ck0e2z4HaSlu2DKO8lwE7a8OT8oWVw+v1cBqFLrw4d2T
sZRQmeokiLp99D5lXE2d77jWoxjUBcqpKIyb9eHuAcHcAfnXPOOwm/bm+p+ByC+jzPEPZ4aKDGtbeg+
CKA+3qtbSecPxQ6hB8YPxFXbuAJR6/n5zCB7luI65duWEui0LFc2YHcDQuKaolzPy23RyK2f0Cfx84j
4oW2euO/qcwKAO6IcgjKhvchsLGo9Mzve/HBFUFXQXieOZIf+bBve/jAihTyYbZbJ89QF+dj1TTXYZd
GiEWZxwkBX4HOoFc0MoUgQhEvzmIGI8wPbbZ+QXWo9YveBC1DP88MJVSxr87Jh+beJ8wfySvVdOR0cU
/87mULxHFgXlfMv3X67i8qZgNWS5/BiqIRT6cfoZVTeUf4C92uxZOcPfb/e4iZcfVrplpMjTWb8kMF/
AqBuQRdSiiOBXjoiuo4V+BsqVLx/l8DVZVMguyxqJEEnMz0z/T/q03mPvP7EcBoVY43j4lAbFCUfx4x
q1xBFsX3IEFQxyFkg5qyfNQ1gUH6OOyt1qORVjfqZM0R+H1yxXisI8CKp+o32DjKxZjI2UHw6KH7SL+
BKQwfYl22pw0wjY34G1ZFCYjtMmipGmfH/xv6y9GC9XV/Tv5aUb8B4PV5qlqbKBP0UaRVXJLO05U+YK
GEaUxY95N/0i16IcQeqmERhD6PeG/2Q+p37lpmG0l7knETV4Pek9KpDP4E+ULVUM649PVgY6ehFRCCH
fCnXvQlVdKqJGLX7AR62Ds50DTucyaKyc7GBP497nAFUhYd62E+Iyey/B8drw+UG3FH/4C1tiWPJq6I
aFuCfXYWkDIB9n9cEb42mQxVEO3PD3Rxo7BEETPJlbhqD+LPz1ioTy31HYrsm+o2825TIJ4V77eDw5y
1iKoccYAYKlLmLpj++RIayzqfC97Uv6CHrsB8SUVXbei+AF8XCbNfKPb66ZHkj2w5L++biqvTE2W+ll
+ss7bgyeem9VhVj6NGc0OlEgqxOGpT++VxV9OfAt7JI+g3axAYt8Z0h8AxxwTv4xcT0W9eFV06tsMUu
XosTToMt4ZAuUg0wpy6qqA6hq0MComqLcEiy9Yihr1VuBfO0T6iZwMlvwt3OQpHclNlroNGxTHnS/E7
ywKyFVvwRRJN6niqE8k0kfanh+oR1ent32AG7PLg8JQgEKEyy1S559JJugKrJIPnupfce9nTvfoRAe2
kaX6z3pKajqKXbF9zlQ5uZaGjwYZCPBecsY9Jd3XjmSCXKHZ5Pr+cBTmCC1B/NrOAQ3fEdP7Kfq9SBT
9Ujf4tnS5Cu6qY5BkQ+JduoWoRppfQQbW4SCRI3aYS6Ldc0QBKt4hcpNl1Hp3ImqUDWUqzs3n13f7rc
A+tuO8huM765CjhwhB2IvhNXMV5YORhR/uHRXpH+VIOmfzW6tnUct5dinLkNdDOaSSROD7buCZmTgZu
AAvbMhfWx7d3Rw2izMao0DgEZtVmieHox2aY5+MDzzIykc2SAcf0dzbNFITXSijB+MGutmw7fBWQPKf
wvNanOpIxuAS5OrNH3tpsk06+sQ7RuUkNT2vgRKh+qtL3s1XphiD79aHl/GcpXYGHh1APkP5mB4LSay
E2bD1zvT2GFCeB2V5zTu6IOoWcoZ5Kgef1g25An8pt5pFPZLcS5Hv7RfaGB9ymIii2EFdXCIdpGVKhg
F+1HnlF15ucoYMFFcyyoCZxfuwzUjgypTA2QPLNQxiytuC5WrIbBsp5a9T6PiWvfZGkSf7eGVkGkzML
7sfSe/wVxH+0ljWWaf44rsdF+gWiMtAI9WZhLnwXDQmOO5wj2WhuwQQ1beIGzYPirspfcX+3uFI2Cy8
ZuLY/kStmkJe2whw6xoSBk4IEBRnBGmy6fn09MK9Wcn4UJIQadH1JIN4t9ese81DkEuurW162A6MywP
unaPs/Qr2MMJ8KSCXELDsUkg4WG90hihcpr2y0qMR+dUrqLiNfREKcx1+pBuQPTdPa+9xwC3angm+cv
gX6iqA2lBeZLyLMJb0Fk6bDM+TatPC8xbo+8q97SIkK3KA4hlFZ+UlVsi9a1Z7b3hTL82I1szuOWsKm
tT7gKUL5lQhEVXGgSL4L0V0n3PEfFl813Oo+qD1H4JJ6Ns4LfaT5SxdJkIYH1/9pHzvdZsnyjWscy/0
FWvlGd9p6ccgE+7RHk0U2Wm+uTJLeKsL6hkQe7uOPz0jxrBKc9B3JIl3JgfrUPrmMSLtm+D32hR5X0b
pvzQnbsgdj+fhn0aEBSSjfxKbTno4rPQt/5E5c0yibJyAicKBx/ED+AATkdOPEc0KpFNmrtrh9svgwQ
ddQgVUzhvQGywLNeMhITz5v+EcSkmRAc/GYceHoOGimTQ7VCIeLgFGuP40P1S/UFaUaMblnumFB5QK5
5ProEjhqWSJXtFRZymNanfG9i3pTRmB6XGE+HQRvT+HRTzIfBvJEfDq7h4w3k/0ZU96uxHZeL0W/JHs
vJkz2aX7APIEjOF/PB50bOCeXeNu2mQ+NpuRqtq9HKDgAo7HErNbTfFrj6B7afRV6QLAmLagcUnpd6I
zgVvxmb7pzt/sCdKwGiw/YQU9K4ZI+MHW6EYZmPUUh9Wyo9J9DeeuDuOrAdAhQEMGL1tCLALOcLK3yj
FPFFMe6kx5a17Uu8W0TGj85h8V70YjmDsaurnI0iIMyrqLFg8iT5ihNPTbi522yS2CTuOpchYtvfPxD
dWIeM2fXN5FsKXvVrcS8HARhAxjqVqe25sI1vUZQsvB1Bhx/HUeYeyYDTAHgAJWYCCJ2SLE/GJ8aWlg
t5ykn6A4EFsrqseLoVIxNjVXBwI4VsVjwHUMEVjrKaQAAOdwRGI3jYvCanPclxdijmW1ycI3TgNgUX3
461gNAnJamL1wsG+y6iZKqRH7acgEaGwBVI3DhFjGKqVp2zMCaTTtOHxd2Mismvb9Z0UomQO4hGsm9E
IJil3ePUvbgExhgpGFshpA/A7gIigSPLRfiPxe8AWus6tRX3reVWznj1pWeYQG8RM7CWkY/diSJjAUm
RFe0IihcRQwxBdijYbBBR9N4LBVuSK6oSJC8QrvBPUCEXx1cro1ZWbex/TfdWJWzOKVTL0pe8nolQjG
vUrFz7tMsTt1hVIRiNTgQN2QyKjXJRiH0GI5as6YDoMDiR064nXLlGVBtnK3QTzI93HkjCRiNL5rmQf
cuMUTJUbRo8WGgObqpBbhOA2Kp8BBCbhx4s3l+WimFGtn6jRWGisHEvbZsK5T6wUIhETAvO6ue2NbXS
3ZNCwVmOuBFH9A8sdUVELA9C0EH1ceXeKoTjGGEJWfsLbkIQQTTSTopUACQN3gpN85X4TIg1nOcYzLe
eQNethKOg/dMn1bzT6i2AM4luBVAS8d5ZVu0YUQV/R+grwdRuJaQO/FFb2Z2sSUSoRN/zWCYnbtKTTy
vhPpPAJSI8Rg7EVrt6LNNGxChhVhuIQUZSYfy/LNn53PARImN8u+fk2MeAh++icLUBAPvyu3x0HnkI7
YpzQNFMx7D3oktYdnzsExZMqCXunko0kJHpr20xCMCCFoMj9jBpnoSkQUWTaG2s47KnnrwPMPlM3Rf5
JtXeoc0pi+y3wIcLyINRlkl4sIoiPKIXAo+eJGRnQzh4okqDoS4CISe9pnbt8qnhdZXv49D8a4dHqRz
hv298KjfXBewRHmCWBVe/ZHkNxafGKC2Mg3SSnLPw8uoWZovWJeHAjDdjOs3o5CtOVYijsWgDNpkCpF
cS4+aCOx+jRcUnV29WlVrUUg99xZShOmE9h/CIcmIhgkIR1/lXrEVEiRukXq65yMqfzZ0PRIcMBwIUL
nVMzlE0JaUFIXjRHZUntwfF0uHw+uywTXP9HQwwa+8N79pOzan4Em3v09zM/ERM1VofID7P79GBvsZT
xroCss1Ir7pFDFQjxPkHggqsBvOnpo1BWh0BwHbMSH/TKSbTZig18EAIk5O7Brt+GJBNx1uK5MagNs9
8sdpeMHili6QsF8MOBSQLJ4a6JC2BOtz/yFQAS4XCQt5Oc+PVLYdMps9tZm4iwoTQHD+qSV8dlWJXyi
2vDgb1AhZt+G0QMFwg8jYo8ZTNewI0klqKbqB2iSUhTll4BTczk1rrcYsAhG8tmGKKWkenpA/yZxLlN
f9UiEY3miOvk6gDqfULpiCQkUcp5cnLZT8KC8J01HxGTj+H759yfhNN86rl5tIx6dYJ4g9EfNQPpA7C
SuZbUxriJ1nItev8jtq83WQ6nrwuboYvbSDy3bnJu+cavMUXJeB8RKYfJb8sMUlNW6aresIgQblopTN
m2coEQCkxIk58+8ooge6lZ5bIGPR4sQzt8WPWWyP9yW0pxfOZ3sb0hTYCIQd3ng1ZNarNDWK+WWWmOj
kV/EuxAM5DlIoE4fMcvzWNxpPYw45wfyKquY/ELUbTbyYo04H5uedfrzzAmn6nMtqWJJ3T1ahnIfGLt
DxS2EtvHTRMDotwguscjGOtV/Mv4kWXunfo7IspHybbQh0DW9BVmNfxETKxN6xyJVeNeLYP1YRKVVO0
XRvq+7AGoVyKGOmfoZ8F3f33Cap3JLT0HhUA6+SQyQEJ/0VI/QMTEU/gCPxATtAw6cwS9nycok5BzQ0
GkHpoLLRpwIJGNV0g9Vc/m7p/nq2pZI7oHpZDomc5eIoYBEgYiyX1fqj+ZiHsd93yU+zJvqly23pyCY
7TncBRRRJK5UCpgIIqfV59ewXFRrQchSBn0llwrE+c++RjbT8KQvELfr04TidivSbaTWmRaRlHkiRgr
Qj4V4otTInbiph5RwfyG1lC1aNpVVR5FP55VzBEeqEekQQTwhw9h8Zr/vCYiMBffWueHtSzCmHx/fvU
+AgVT8EdQneKR9w7FmPtCnNllJeNe7WRXJYBJEy85+EPA0COYwJlbMYmI9x3HJOLPAy8FIDKGM+LyHe
VKUdVQrm2HXLIzdCelT2NjZSA1Eo3huZ+Eocn7tYnYavAqLWsR+ON0ZX1vY2QAurDlTWXAbhKncRF6g
qxVWUofUyXgsSVqUn8AGHEAEziyCQlbvVBwPDdf8DO/g1gRLnEsgUzU+RYEGwKLiueivwfKVq/NSwIJ
B7QS3Q8/CaPOX/wJ/8Rikf0WS8i7l4oIDJZv9BRefno2NMpn4FIJ4QUwbc2JfoOAzQ9o7EK2aZSUQtz
1kzAqXxggYmQ6ni90xMmgcA1jD58sp+8Iq8OBP9Y8ypSETiAD36Lqu+ATLI1KtifRVvhD+Oh0oT/Z6P
O0AkDsBRNEFuBBoibkvO0ahVwIoMCLG4kOgxcw5uRHFcT/SUCw9K+35KIYffhSL/qKNP5NUKemk8xQQ
PjK4V0PwG8bNUVvnphHMFiHgYMPzqVX16/UIyTWcDsp9q37YZ1nE9i0ts0tot57CyuBYX9DbSdIB5XK
kBvZDhUNpoSIDtvdS8DwM2Fv1zkjjWkoBnoDtKfrmcBZRj+uINgBwuGjL38Qwy+j8ItRPoIQk9aHcyb
+MVBpxBSFXKwIgDKXDv5kr7/WQaplyg5SFADdQlT/ER+GA+n0T3ZsrJ+mYjU4giogY1JoUZaNMviej7
al5h9EUCLf3o4uGhIJAfGbEz8RoQTXOLQ21QtgLBJ8ttZpzQvxYV/d/3hCK6hCjMoXMFygY+U4NcQHA
c8x0qURMLyU6gkpmtNmxQvF2OPBe9P3eCHe/Z7VxUtBkRjO0e9wHH5mOoKdHwKQbA4DacL4uqeQY/74
GIoYxJCioQCGr46RR/hSwLR6SDFOAMNbqR+fKfV7bNn44rWDYKVGfF6x0Q+vgw5i2CCOKTds6TEkzkI
rlosCB2fZ0AwGh+2wqsXYu4TEVoXco/2NGAZLLbJx1yD82Si6I3FykA5DCBRFDEsbwzCQyWdrjng8kF
GkEFe68D4MN0fDqFrgiGu6/qww35CYSrA/jGHgPI1DuJcQyOxziKnJ/Gw5jNel0RVegcM8hNPImQnRx
XLv06WbsocxdZZh5W9B0+k+Hqmb3mcP1/NpIoUksmA9G56eCDGdDhEjDcz7fJoN+aVRdw4Qgin7MNPp
EjGqhcD7/NLNxBYRqp9BMNsbajrd5yO+5X2xxXrxYVTPwkYcCYPuZuD4zQsRRbDvjA83EuO3ovUGJYr
P3UwoHQ7VTe+O8TeSp/EfzAeJ6NmZSNPJIdzAvDNPgywbm2tzAHJtoV8do/oZeN3NpOLoiPy3kGuLgW
CuLSlfKnw2yiDGqH4OoruZVN+ejTjEcPOlcRDMlybkvAWIynnHqn5ORNeSJta3A4SFwmYqOgRz3knnF
gLAuUXIN8erfgauuxl3UciBkIN999wiFoLnFklnT+KHQ8+eElQ/AyefEXHj0g/BOin37CmeDIGzJ5DK
rXQmH84Pg3sbbwod4H7iRbrngxWLzvlhAoaB88PYM2AvgCIOeDWJqt9ZM+W1WO9HgEDZaSFwGyQcAmf
AYBDDz/FD98d/jp9KbyBQdzMi8A3ZEN/RqnuOHwsh5/i8+uRniv0xhtIXn0VMofo5APkjA98g+O6+3H
fShAdOLYa4P0dbWH2SRplCPY03QE24neYBcDcTvR8XfLlWt54mnggh9TSs+iTNBgVrokJyntFgpvB+x
MfFSiOxJip2hSE1UWJdW+IO+eraQnOekVAYrUFCXyi8l45JQ+vaxNrEJAjUJvprS2Ih3xqtQ3KP61ZI
5XaF1yYiUW8iWnz4wVpIB2IyLJ25ZzSZxV3tDtkQQR589aWREF5fCqX6vEY48Q0Tqe/RAGtgCCmmlPY
eN0T08v01wlEQXiO8a6YO8wkbtKVTUdfE32X2ALB3UqwsbojAK26ddwKE13l7avUTX+Gr1Q9UikYC3d
cUkRYH4VucWv2k/Q+v1Yf6S/e+RQKA55YVA4zUTgoNiFILrpisce9bJO1/+H0L752ZJIA7MyIRuymXz
F3ptG6smKtx78wkQNSdmS69QRo9LUUEIOJMlMRU4aHr7Kd088QMpHvvKWltUfeeUDY7UpqEcobeXRO9
vnTBhXMckTI+FE2Fe3ctASLvrvE7e2miYFre2RB0VVxC34WCk8hOJbii5yzcP0za/Mj7h947pEngv0M
am9HnINxdS+Osiz6pe4c0ae+j75BK7AZ0XDNIcasG0mjP/XD/30IiiDMMz83Ex01hB4V7wAkQcw+Y34
AOvcsdBGj6kRVc21IKEAxMK8XjrqoQ73In7Xz0Xe64+/ihrxpL2ynbFH4YhPv4CRB7H19ivVuCPRXCQ
bfT3FffBIg9FRIAeyoUInoqYF+MWXRXuwCGhE9rv2Nar6cvRgLE98UAZw6yW6l8IwLKC/LPZ4Ovt0n8
rsf3NoFQFpBPqWuwG0z/00Ux0J8mYUVx/Wl4A6LgZKMIkDO21Em+Tfox8PQYSgDeY6gZ1WOozhoQpUk
rI0BH9PvEGzQfAk+fqCRI7BOFnkklblihH6CXfkIzs4+Bp9dXEiT3+kIhhTxDiqojvmvEhdjf+zQEPf
3akvc7uV8beMRgMFI6p4giUaiNz0LR03MvEdL03KMNaHfTW/0MvTO+/zlTsz19E5MhVd9E3jtyDSIii
gefMcNW7H2ZAtL1vnQagH5LP+kNJ9rcb9xoePqXpoGU/UtxE86lNP637jRrV+6IhBc26914etCWtWSD
mLYHLd2FUkJLfQDt2Z32oKxgSZv0UT19hK1nO9hP0A+p+whj0eeW0ws6EvBa6bDKHtKgJ/zp5gwj9oJ
m40Bx0uIiSWrS94LGjDR0kknI+6g4dWXBOVXPzCFLuZkZtp5+3nQWaPshgYhr9PPG+nk4AU845tFxLo
kz9UGGhtDb2b0NIOjpyc6mg6gJuZV1erJjqg9a/iRZDJ2OmnnhnKrADNRR4aNzej199fm02ueEYGC9v
vqYr3VnI0S+lM8o4bMtMnqZLKfeOP0Iq3pnI5SvWGOBpFzwerMRsBQFI6zY91adhhRue3jlbAGLbLzX
cPjmW+h8UJ8dMUSSw7rzLaRdthvzGHurLOmzuIYJX4GqTNowo6TxHjr6ZpTIMs65hC9ISKysP6MEy32
hHDSaT8t87PbTGS7BuRSv6dCbr7uzs648+ufM6G+PcvVYwmE2CbcI1p8zQ7US8GlUepgNQINRProM7W
H42MUMzNIB7dA/KNx/ZFaQctaeV+XHn4hh/P2D98wKwhO+5kH0vCc2ChC7C1N91z5zx70Zhy+ghWDeU
xokQ+Y9ydie/EST6bSeWCZ917wn4teD5t2N8u3ZQBSeacfZteIIedko/4AmTPVSo3nxJW5nw2d26Sq2
cCKBOPRbTyiCed/MLlqqVqiHpxAM3jrlkXEPUtHrrOvWzxMkNM5du19r7ppyi/7SVZk1uhzGieF7565
JnTyT3ODsPD7Kiggf/2ocSO07mJMN6+sLtWcwO2+nWdhJNTuPDejByZm0SUtcUuXds/NoLZe5FzL/UJ
bdOQIsupBVJESAo1VNOfx27bQDSjX/UOfjeIHt6eRnPbpBxAfmH1ILCrOOBSlQrwy35yBa/BP02Rjbh
i1B1g0l8/Vu+LpIN8NSd8fx2roMvUol+3n1qFsKdMOFJ8Sxux+aYUlrSODWiaNtCM8Mq8xTlObfYXqO
dPyoGFXWhtBLP2HlOIfUOPz5lc0hfQqfQ4qPwosY1edVp89O256Pl70nVbGqS0HgPzaHlIpitu7OktX
I+16fnQ3W6XCIqTPN1zNbcnVl+SLz2FmyDg1vYRofc3mX3/0dRu3FnLf2zHx4lqwkHQF/g7ZhCvVNaP
0GvoDM2iczEMvEoanhYnlZTZPMldWyZih8prgxeSyrD+yVPSkMFnyCz0fnAVOr2ISsPZ3pLFed7m3Pd
D10CjkFW9B4bAIlUZNv8dgRzPTL1WQ4PbbbfDCQ7E7IlAYhbWKHjFc2MNOZ1smYEJGwudx8PKgzSAO6
tQ9QbAZvrkbU3P6gIZpeVnU+gNyYCp1uxbwJn5D5+s/V0/NyLPbDdYZMbWIuN5XiPHhDbLa69oDfdcb
1K2a4Jg+TZU+Yk6Y/uG8QnWYdFI6iPa7uhqx3s6cj85MonDz6PLHIflBKIwMt+JSizcxWZ1XnxRsY90
3frGroUDnxErQcljKaJpCKBf826sGpIIm9JTEabOUP+AHFsZVnD95EhSOKK4YRZdxrJ6MAIWEHV/fBr
MIuvqQEKDJq8MG4tPW0DD94ohuVDSqkA8qFw01NfK+NVk3v9X7iGwQEdOkAAAapSURBVCTFHz44okiP
pGXE2M1f/uBry6/ty/ihlGcocllkQ0EXb8RRlqm8iISCY1O6GHQDhNJzyzOQ4hi5gLgrFv4YDJC4ew9
1wWUD5tgNHvlO4rspgmsFFOEwclC8ZYhoj7jWk5/aG12FUHgraxSPpaJSferqD2M8PfnhvpdrKyqLIR
qJT0G4rlaXCyWjvDjeHeT1KIK5xDac6VEEm+oMszMoZtzBEiwha0o5rtJuvXxiC0XR0Kr4O/oMszgKW
tmQMF69ZK+HHqXkK5wn0A6iDJobOvS6RxSBHX45VsLTtd3Fgg1fRRakcue98kk5tUfpTLUN3a2wu6+O
KBKwrxwugTElVItuCkFGxRy87pobBZqKpvDqBBXMjA0wlqW+l7cmlxGMdq6k2oaOWAytMHd9pqkbHR8
CB4yKfEWbQhF3DAKUOc/jy8qSyYm7OLYiW0PNSE2Bd+mYPiM8TGV0DqSmrUjDawd4tsQxThkD8s7SAd
Q25jcigxyQKZpwFZ8fmBAyKr3p8fF05c4w404dxrQ6cpNv6RgOkYCMJSNB29Ae9+HHeQr9m5OQzVhgB
qWGuSEtKgJqrq0KuA8/nDXrEBQ5StBaCs/b4x7zYj1K0iEYSygT30alKYOwaIManKnGxVyFU1Bp+7zJ
tftGoWVCKjwPSbGxFlDtqk79RMkJ7gAR/K/nyp9LMDp5EGIUavIjxv4543iBATDJ38WFxPdIex9sn0M
dcBGk2/7q0wvqqse16+R7ZuLpQO2xdMyEkPhQ/Yn/sstytR14jL+V/N0ZJidTDkWVUNnazDmeH2qYgM
O+GC9eL4vE4sw2EsmSy4rWmzo+tdfSUYJBu1eNBn/zKjWhYXltY/nqWPmyjBRFEWxG9eb4MOzh/uFx9
sIzqE/hT4z/Yf1TDeV2SLnUe39a8GAUmlM7+QdJHtoMouwScAUf7FaAj3LvDniToZOHzGQej7NfhA63
V2NGssXwidNCNagD4y0spCaEugHMPVhFG0QO2iES8B53uPjOlEU6oHqsmQU5H5xZrs/pzum7dr0rJKI
3yUhzS6yzOtM2SMuYYjq1egfv7s8KqM8/u3/qAd1HJOP00GUt3ahSJHk9laYqlEaeilzqwbBgxPE8Cb
SjUjqy8hXpfl/EzPZn1Cb5YNcEWWhuYeD5UhZjeENZTZ1p0MOn77TtvefaJozBcTlXE1JN4eexsnGFb
lD3HAhYWT+z/R6oN/A+SA77Y9h3iuha67ylMtyRG9Dc3ES0AzSLbVdlmt613MkEoUdoRgZZuH6BCsBM
aG66OSghGSv5Pfhh8E0JKXYx3ETjsCqsXaeMaT32aNs1y8lQBqemy4b6gsI9Yt+3YT8tDuoN3NMmvck
0+KEEyrL03pRHj/bQ4VNNu+SHx8yK8Fkjkj3R/fjJFL9OFi//mae/i4AUulm8rmZmsdbL/iX7m78TzX
PGLKKTyqBCyICZB/3petk7y1R97cd15ZEycHdm0s38LRLogXtknax5TuvZri8DLdJVw/q5BC7kB4C6o
1ja9pyPSVf5AEKBfJpySyPN7k6uggz6ORWsCcDEv2Jm6fbOf+iBLv6yZmWeXzmXkjDCPh6f3K3edEuJ
PPbUlcNflPgdjt+7ajs2Aa0aw7F5j45ie3wbHFUgi3izU7LoQh1d0b8xx/0ma9K373xCHJEauqeIY7a
Zv6DLsK/PFCWm5X0cEOYkCoq+uH9kFih+5x+tI/sodGt5lMetXHZElV17+uOQBMbrYQknqY887KqXdu
hLK7nZ77hZlQSt/TzeXK4U8rUvLKxZDHsESy2GHUXkNEV5/MGdd2l3P4fky27la3+SP0XY3jNRZAhPm
Q3nIuVgPLk9VGLkTsZDF+1q9eJEk/XOhUl1dKWQu/iTMwoCQPiKXkEnlNy5d7fenl//6l0e6goBwzA0
AAPmDRI+Pnz69jKeu8dPUJhC0UOe/5MTCkKhtceXV2maZm3UFVfYthfz6Xg4PAEYXo9f5wvbU7rQutl
v5pr0infFLB78Lezpgy5nMcSyODu46SYTot4q7Z0WzQL74JaZb/wN2iUSugcVTopsZatg5qA0qNTtBz
Gt97ud0UGNiG7B+UDTLOx3/jruDACKU9PpKVDZahJE82blfHZaayCczs6zhXyOPLXlPtY0c7P7v5Q5g
1Dv3tfMnIAmRUIAz+8Jrc2dvd2/n3g+6ENpXt5DKB8gefPFnaPSX2UX1oN698v9Qe3cBJ4kwNslmIRv
89nT/ftS9/dGfZ8H9e1Wd7fzhUJnt9sK0T3/wX/w/yv8H1Bj7IogglmeAAAAAElFTkSuQmCC",
   |    ^
24 |    
25 |    AKBL: "data:image/jpeg;base64,/9j/4AAQSkZJRgABAQAAAQABAAD/2wCEAAkGBxAPE
BIPEA8PEBUQEREPERAOEA8PDg8PFREWFhgRFRUYHSggGCYlGxMWITIhJSkrLi4uFyAzODMsQygtLjcB
CgoKDg0OGhAQGi0fHSYrListLS0tLS0tLy8tLS0tKy0uLS0tLS0tKy0tLS0tLi0tLS0rKystLTArLSs
tLS0tLf/AABEIAOEA4QMBEQACEQEDEQH/xAAbAAEAAgMBAQAAAAAAAAAAAAAABAcDBQYCAf/EAEMQAA
IBAgEIBQgFCwUAAAAAAAABAgMRBAUGEiExQVGBEyJhcbEUIzJCUpHB8GJ0obPRJDM0Q1NUc5KTwuFEc
oLS8f/EABoBAQACAwEAAAAAAAAAAAAAAAABBQIEBgP/xAAxEQEAAQMCBAQDCAMBAAAAAAAAAQIDBBEx
BRIycRMhQbEiM2EjUVKRocHR4RRCgfD/2gAMAwEAAhEDEQA/ALxAAAAAAAAAAAAAAAAAAAAAAAAAAAA
AAAAAAAAAAAAAAAAAAAAAAAAAAAAAAAAAAAAAAAAAAAAAAAAAAAAAAAAAAAAAAAAAAAAAAAAAAAAAAA
AAAAAAAAAAAAAAAAAAAAAAAAAAAAAAAAAAAAAAAAAAAAHirVjBOUpRiltcmkl3tkxEzsiZiI1lHwGU6
GIclRqwq6DSk6b0opu9ustT2bjKq3VT1Rowt3qLmvJOuiVGSd7NOzs7O9nwMHo+gAAAAAAAAAAAAAAA
AAAAAAAAAAAAAa/LmV6WDpOtVepaoxXpVJ7oRXzbaelq1Vcq5aXjfv0WaOapT2WMqVcbVdWq/wDbBeh
TjujFfHeXdq1Tap0hzF+/Xeq5qvyfcJj61KE6dOpKnGo05KD0XKysta179ho5/VStOE9NXeG/zHy35N
W6Ob81WaTvshU2KfPY+T3FfMLhaJCQAAAAAAAAAAAAAAAAAAAAAAAAAAIeVcpUsLSlWqy0Yx/mlLdGK
3tmdu3VXVy0vO7dptUzVVsp7LmWKuPrOrU6sVdU6ad404cO1ve9/uLuzZptU6Q5fJyar9fNO3pCKo2P
RrhXZ28LvhPTV3hkgtRoLhZuZGW/KKXQ1HepRSV3tnT2KXLY+XExS6YAAAAAAAAAAAAAAAAAAAAAAAA
ARsoY6nh6cq1WShCCu2/sSW9vgZUUTXPLTuwuXKbdM1VTpCoM4suVMoVtJ3jThdU6d9UI+0+Mn/gu7F
iLVOnq5jLy6r9Ws+UekIMY21Hs09X0I1fJFbn7wveEdNfeGaktRXrlMybjZ4erCtDbB3tulHfF96Atz
J+MhXpQqwd4zV1xT3xfanqISkAAAAAAAAAAAAAAAAAAAAAAAMOLxMKMJVKklCMFpSlLYkTTTNU6Ruxr
riimaqp0hUWdGcNTKFWyvGlB+bpv3dJPtf2bOLd3j48Wqfq5jNzJv1fdTG38tbCCSse6vmXok1LBDzM
rc/elfcG6a+8JFBdX3lcu3uwHTZk5Z6Cp0E31KzVm9kKuxPnqXu7QLEISAAAAAAAAAAAAAAAAAAAAAx
160acZTnJRjFOUpSdlGK2tsmImZ0hFVUUxrOypc7c5Z4+p0dO8aMH1IvU6j/aTXgtxc42NFqNZ3c1nZ
s3p0jpj9Wop07L51m0rJnV7SDFhxDek4NNOLcZJ6npJ2afMmnSfN68k077s9iHi8VCtz96XQcF6a+8J
WFXVXPxK5dpNGnpXXZ9oGKULagLIzRyz5TS0JvzlKylfbOO6fwfb3kJb4AAAAAAAAAAAAAAAAAAAPNS
ainJtJJNtt2SS2tsImYiNZVTnlnRLGz6Gi2qMX3OvJeu+xblze61xi43hxzVb+znc/N8WeWnpj9WipU
9E21TVOrJYlg7nMvNq2jiq8fpUabWzhUkvBc+BWZeVr8FH/V/wzh+ml65HaP3lxGVY/lWJ+sV/vZFjZ
j7OntCryZ+1r7z7vtjJpMVZbCtz96XQ8F6a+8JeDXUXPxK5eJuFg7t22LX2awPuJpX6y5/iSGS8dPDV
Y1oerqktinB7Yv522IFqYTExqwjUg7xmlJPs4MhLMAAAAAAAAAAAAAAAAAfG7awKuz2zreKk8Nh5eZT
tKa/XyXD6K+0tsXF5Pjq39nP5+d4n2dHT6/X+nN0aWj3m8pqp1ZUGGrr8zM2+laxNePUTvTg1+ca9Z9
nj3ba/LydPgp39VzwzA8SYu3I8vSPv+vZYRVujUrlSP5ViPrFb72R0lj5dPaHGZU/a195933RIlqI+J
WzmVufvDoeCdNfeE3ArqLvfiV68dPmdho1alanNXUqNn/PHWglEyhgpUKkqct2x7pReyQQ1Nelovsew
Dosycr9HPyab6tR3pt+rUfq8/HvIS7wAAAAAAAAAAAAAAAAArTPrOvpnLCYeXU9GrUj+te+nH6PF7+7
baYmLp8de/ooeIZ3Nrbony9Z/ZyVGnbXv8DfU1UsyJebps0c3fKZdLVVqMXserppL1V2cXy4mnlZHhx
y07+yy4fg+NVz19Mfr/Syo2SSVklqSVkkuBUOniYjZ9uiNE6wpvKa/KcR/HrfeSOksfLp7Q4rLn7avv
Pu+6JDXRMata5/Arc7el0PBemvvCdk5ebXe/E0F46zMZeeqfwv70Qlv84cmdPT0orrwu48ZLfD53kDh
KtPSVvlMlDXyTT4Ne9MCyM18r+VUes/OU7RqLjwnz8UyEtyAAAAAAAAAAAAAABXmfedt9LCYaXGNarF
++lF+L5cSyxMX/ev/AIpc/O3tW57z+ziKNO2t/wDhY6qSZZw83pEsZekgxZIxXAgZYx7CDzZIoD3okC
Dj1rXP4Ffnb0ug4L0194T8mLza734mgvGwwuLqUW5U5uDas2ra1ttrAkPLuL/bz90PwIGvq4icm5OV3
J3bsld8dQEao762BJyPlKWFrRqxu16M4+1B7V8V2oC0qFaNSMZxd4zipRfFNXTISyAAAAAAAAAAAAB8
YFb545reTt4ihHzTd5wS/Mvivo+Hdst8TK5/gr39HOcQwPCmblvp9Y+7+vZyZuzCq11ekQh6RLGUyjk
6vJKUaFaSetSjTnKL7mkedV2iJ0mYZ0492qNYpmY7M0cl4j93r/0an4EeNb/FCf8AFvfgn8pZY5MxH7
vX/pVPwI8a3+KPzT/i3vwT+SPppNxbScW04tpNNOzTW49I89nlNMx5SzEIa/KO2PMr87eF/wAF6a+8N
jkpeaXfLxNBeNpk/JtTEScKejeK0npNpWvbh2kCc808Txpfzy/6gabGYOVKcqbcG4uz0G3G/C9gIlWF
ttuQE/N3JLxVZRa6kLSqPs3R5/iBZsYpJJKySsktSS4EJfQAAAAAAAAAAAAAfJRTTTSaepp601wBMaq
1zwzYeGbr0Vek31orbRb/ALfAuMTK5/gr393NcQwPBnxKOn2/r2csjcmFW9oMZdHmlnC8JLo6jbozev
f0UvbXZxXPv1MrG8SOanf3WHDs6bFXJV0T+n1/lZkJqSTTTTSaad0096KbR1UTE+cPQSpHKH6XifrNf
72R0dj5dPaHG5fzK+8+6dpES1ELHvWufwK7O3h0HBemvvDZ5Kfml3y8TQXbqszPz1T+H/ciJZN1nFlT
yenaL687qHYt8+XiQOClLe/8tmSEZRlOSjFOUpNRSW1tuySIFl5CyYsLRVPU5PrVJe1N/BbF3EJbEAA
AAAAAAAAAAAAAB5nBSTTSaas01dNPamhHkiY1jSVZ53ZsvCt1qKboyeta26Le59nB8uBc4mV4kctXV7
uaz8DwZ56On2/pzaZt6Kp7QYy6zM3OPoWsPWl5uTtTm/1Tfqt+y/s8NDLxub46d/VccMz/AA58K5Pw+
k/d9OywyqdKpHKH6VifrNf72R0dj5dPaHG5fzK+8+6TcNNFxj1rmVudvS6HgvTX3hsslvzS75eJoLx0
2amJjSnVqTdoxpXb/wCS1ESNblHGyr1JVJb9SXsxWyPz2ga+rK4HU5lZJ/1U1xjST9zn8FzIS7AAAAA
AAAAAAAAAAAAAAeKtNSTjJKSkmmmrpp7U0InSdYRMRMaTsrHO3NqWEl0tNOVGT73Sk/Vl2cHy77rFyo
uxy1dXu5jPwZsTzUdPs5+LNuVZMPSZDGXcZl5yejha8vo0Zvfwpyfg+XArMvG/3o/6v+GcQ10s3J7T+
38OIyh+l4n6zX+9kWVj5dPaFXl/Mr7z7sukTLTR8S9nMrM/eHQ8F6a+8Njk1+bXe/E0F4lwk9avt29p
A+VJW1ASci5NeKrKmrqK605L1YL4vYgLLpU1CKjFJKKUUlsSSskQl6AAAAAAAAAAAAAAAAAAADHXoxn
FwnFSjJOMoyV009zRMTMTrDGqmKomJ84VfnXm5LBz04XlRk+q9rpt+pL4Pf43WLkxdjlnq93MZ2DNie
anzpn9Po0SZtK2YekyGLHJNzc223NuTb1tybu2ZURp5Q9Kq5q853ZbmLyYqz2Fbn70uh4L0194bDAPq
LvfiVy8SoStcDxdt21tt2SWttvcgLHzcyUsNRSfpz61R9u6PL8eJCW1AAAAAAAAAAAAAAAAAAAAAAx4
ihGpGUJxUoyTjKMtaae4mJmJ1hjXTFdM01RrEqszpzdlgp6UbyozfUltcH7Evg95d42TF6NJ6nLZ2FO
PVrHnTP6fSWkTNhX6HDvMqR9uYo0eKhW5+9LoODdNfeE7BPqLvfiVy7ZtIDqcysk6cvKZrqwdqafrT3
y5ePcB25CQAAAAAAAAAAAAAAAAAAAAAABixWGhVhKnUipRmrSi9jRNNU0zrG7Guimumaao1iVV5z5vT
wU7q8qU31Kj2p+xLt8feXmNkxejSd3K5uFOPVrHnTO0/s0q2o2ad2jOwYp0eZlZn70r7g3TX3hMwj6i
5+JXrpsskYCWJrRpR1X1yl7EFtl872gLSw1CNOEacFaMEopcEiEsoAAAAAAAAAAAAAAAAAAAAAAAAAx
16EKkXCcIzi9sZxUou2vWmTEzHnDGqmKo0qjWFV5y5Anha8pfq6s5zptK0Um2+j7LX2cEXuJfi5Rp6w
5bPxqrNc+XlO38NHLUz1lp6PLK3P3he8I6a+8JWHfV95XrlaGaeR/JqOlNecq2lPjFboct/a2QlvAAA
AAAAAAAAAAAAAAAAAAAAAAAAARsoYKnXpypVI6UZLmnuae5mdFdVFXNTu87tqm7RNFcawqbOPI1XBVH
GacoP0KqT0ZLg3ufYXVq/TdjWN/ucvk4tdirSfOPSf8A3qx5MyLXxUKlSjFT6JxUoXtN6SbvFPU9nG5
p5/VStOE9NXeHQ5jZClOo61aEoxoSsozTi5Vlr1p+zqffbtK9brFISAAAAAAAAAAAAAAAAAAAAAAAAA
AAAAeKtKM04yipJqzjJJxa4NMROnnCJiJjSULJeR6GFdR0IaCquLlFNuKav6Kezbs2HpXdqr05p10eV
qxbta8kaatgeb2AAAAAAAAAAAAAAAAAAAAAAAAAAAAAAAAAAAAAAAAAAAAAAAAAAAAAAAAAAAAAAAAA
AAAAAAAAAAAAAAAAAAAAAAAAAAAAAAAAAAAAAAAAAAAAAAAAAAAAAAAAAAAAAAAAAAAAAAAAAAAAAAA
AAAAAAAAAAAAAAAAAAAAAAAAAAAAAAAAAAAAAAAP/2Q==",
[39m
[32mΓ£ô[39m 2035 modules transformed.
rendering chunks...
computing gzip size...
[2mdist/[22m[32mindex.html                 [39m[1m[2m  0.67 kB[22m[1m[22m[2m Γöé gzip:   0.40 kB[22m
[2mdist/[22m[35massets/index-GK7PMvKA.css  [39m[1m[2m137.45 kB[22m[1m[22m[2m Γöé gzip:  24.81 kB[22m
[2mdist/[22m[36massets/index-BR6yhX2p.js   [39m[1m[33m840.70 kB[39m[22m[2m Γöé gzip: 302.14 kB[22m
[33m
(!) Some chunks are larger than 500 kB after minification. Consider:
- Using dynamic import() to code-split the application
- Use build.rollupOptions.output.manualChunks to improve chunking: 
https://rollupjs.org/configuration-options/#output-manualchunks
- Adjust chunk size limit for this warning via 
build.chunkSizeWarningLimit.[39m
[32mΓ£ô built in 13.46s[39m
